<html>
<body>
<pre>
<h1>µVision Build Log</h1>
<h2>Tool Versions:</h2>
IDE-Version: £gVision V5.39.0.0
Copyright (C) 2023 ARM Ltd and ARM Germany GmbH. All rights reserved.
License Information: nfu nfu, nfu, LIC=SDA0P-MWZU6-Y83FK-Z0L2N-6GJ9C-9E7JF
 
Tool Versions:
Toolchain:       MDK-ARM Plus  Version: 5.39.0.0
Toolchain Path:  C:\Keil_v5\ARM\ARMCLANG\Bin
C Compiler:      ArmClang.exe V6.21
Assembler:       Armasm.exe V6.21
Linker/Locator:  ArmLink.exe V6.21
Library Manager: ArmAr.exe V6.21
Hex Converter:   FromElf.exe V6.21
CPU DLL:         SARMCM3.DLL V5.39.0.0
Dialog DLL:      DARMCM1.DLL V1.19.6.0
Target DLL:      UL2CM3.DLL V1.164.9.0
Dialog DLL:      TARMCM1.DLL V1.14.6.0
 
<h2>Project:</h2>
E:\Super_Smart_Racket_V2\projects\ble_examples\ble_peripheral\ht32f675x5_r2\project\cp\ble_peripheral_cp.uvprojx
Project File Date:  09/14/2026

<h2>Output:</h2>
*** Using Compiler 'V6.21', folder: 'C:\Keil_v5\ARM\ARMCLANG\Bin'
Build Project 'ble_peripheral_cp' - Target 'ble_peripheral_cp'
compiling ble_host_init.c...
compiling main.c...
compiling ble_interface_init.c...
compiling ble_event.c...
compiling ipc_general_blocking.c...
compiling ble_trx_service_integrated.c...
compiling ble_init.c...
compiling ble_peripheral.c...
E:\Super_Smart_Racket_V2\projects\ble_examples\ble_peripheral\ht32f675x5_r2\project\me_lib\shared_buffer.c(1): warning: In file included from...
E:\Super_Smart_Racket_V2\projects\ble_examples\ble_peripheral\ht32f675x5_r2\project\me_lib\shared_buffer.h(40): warning: 'SHARED_RAM_ADDR' macro redefined [-Wmacro-redefined]
   40 | #define SHARED_RAM_ADDR              (0x2002F000UL)
      |         ^
E:\Super_Smart_Racket_V2\projects\ble_examples\ble_peripheral\ht32f675x5_r2\config\app_cfg.h(74): note: previous definition is here
   74 | #define SHARED_RAM_ADDR                    (RAM_MP_DATA_ADDR + RAM_MP_DATA_SIZE_MAX)
      |         ^
E:\Super_Smart_Racket_V2\projects\ble_examples\ble_peripheral\ht32f675x5_r2\project\me_lib\shared_buffer.c(1): warning: In file included from...
E:\Super_Smart_Racket_V2\projects\ble_examples\ble_peripheral\ht32f675x5_r2\project\me_lib\shared_buffer.h(41): warning: 'SHARED_RAM_SIZE' macro redefined [-Wmacro-redefined]
   41 | #define SHARED_RAM_SIZE              (1024U)
      |         ^
E:\Super_Smart_Racket_V2\projects\ble_examples\ble_peripheral\ht32f675x5_r2\config\app_cfg.h(75): note: previous definition is here
   75 | #define SHARED_RAM_SIZE                    (1 * KBYTE)
      |         ^
2 warnings generated.
compiling shared_buffer.c...
compiling ble_controller_init.c...
E:\Super_Smart_Racket_V2\projects\ble_examples\ble_peripheral\ht32f675x5_r2\project\cp\app_main.c(51): warning: In file included from...
E:\Super_Smart_Racket_V2\projects\ble_examples\ble_peripheral\ht32f675x5_r2\project\me_lib\shared_buffer.h(40): warning: 'SHARED_RAM_ADDR' macro redefined [-Wmacro-redefined]
   40 | #define SHARED_RAM_ADDR              (0x2002F000UL)
      |         ^
E:\Super_Smart_Racket_V2\projects\ble_examples\ble_peripheral\ht32f675x5_r2\config\app_cfg.h(74): note: previous definition is here
   74 | #define SHARED_RAM_ADDR                    (RAM_MP_DATA_ADDR + RAM_MP_DATA_SIZE_MAX)
      |         ^
E:\Super_Smart_Racket_V2\projects\ble_examples\ble_peripheral\ht32f675x5_r2\project\cp\app_main.c(51): warning: In file included from...
E:\Super_Smart_Racket_V2\projects\ble_examples\ble_peripheral\ht32f675x5_r2\project\me_lib\shared_buffer.h(41): warning: 'SHARED_RAM_SIZE' macro redefined [-Wmacro-redefined]
   41 | #define SHARED_RAM_SIZE              (1024U)
      |         ^
E:\Super_Smart_Racket_V2\projects\ble_examples\ble_peripheral\ht32f675x5_r2\config\app_cfg.h(75): note: previous definition is here
   75 | #define SHARED_RAM_SIZE                    (1 * KBYTE)
      |         ^
2 warnings generated.
compiling app_main.c...
linking...
Program Size: Code=16900 RO-data=772 RW-data=20 ZI-data=34532  
FromELF: creating hex file...
After Build - User command #1: .\ble_peripheral_cp.bat ".\Objects\ble_peripheral_cp.axf" "C:\Keil_v5\ARM\ARMCLANG\bin\fromelf.exe"
"Fromelf file valid!"
"Make bin success!"
"Make asm success!"
"Make app success!"
"Make done!"
After Build - User command #2: ..\..\..\..\..\..\tools\mlog\gen_mlog.bat  ble_peripheral_cp  ..\..\..\..\..\..
len=3 sys.argv[1]=ble_peripheral_cp
force refrash = 1
find uvprojx ble_peripheral_cp.uvprojx
read file  .\app_main.c error,try again use unicode 
----------------------------------------
||| total 63 MLOG(s) update 63 MLOG(s) , 0 error(s), 0 warning(s),
----------------------------------------
"Make mlog success!"
".\Objects\ble_peripheral_cp.axf" - 0 Error(s), 4 Warning(s).

<h2>Software Packages used:</h2>

Package Vendor: ARM
                https://www.keil.com/pack/ARM.CMSIS.6.1.0.pack
                ARM::CMSIS@6.1.0
                CMSIS (Common Microcontroller Software Interface Standard)
   * Component: CORE Version: 6.1.0

Package Vendor: Holtek
                https://mcu.holtek.com.tw/pack/Holtek.HT32F675x5_DFP.1.0.5.pack
                Holtek::HT32F675x5_DFP@1.0.5
                Holtek HT32F675x5 Series Device Support

<h2>Collection of Component include folders:</h2>
  ./RTE/_ble_peripheral_cp
  C:/Users/User/AppData/Local/Arm/Packs/ARM/CMSIS/6.1.0/CMSIS/Core/Include
  C:/Users/User/AppData/Local/Arm/Packs/Holtek/HT32F675x5_DFP/1.0.5/Device/Include

<h2>Collection of Component Files used:</h2>

   * Component: ARM::CMSIS:CORE@6.1.0
Build Time Elapsed:  00:00:05
</pre>
</body>
</html>
